// Vitest Snapshot v1, https://vitest.dev/guide/snapshot.html

exports[`ServerStatistics component > ServerStatistics matches snapshot 1`] = `
{
  "asFragment": [Function],
  "baseElement": <body>
    <div>
      <div
        class="ant-card ant-card-bordered css-dev-only-do-not-override-14i19y2"
      >
        <div
          class="ant-card-head"
        >
          <div
            class="ant-card-head-wrapper"
          >
            <div
              class="ant-card-head-title"
            >
              Server Monitoring
            </div>
          </div>
        </div>
        <div
          class="ant-card-body"
        >
          <h4
            class="ant-typography css-dev-only-do-not-override-14i19y2"
          >
            Hardware Usages
          </h4>
          <div
            class="ant-row css-dev-only-do-not-override-14i19y2"
            style="margin-left: -12px; margin-right: -12px;"
          >
            <div
              class="ant-col ant-col-8 css-dev-only-do-not-override-14i19y2"
              style="padding-left: 12px; padding-right: 12px;"
            >
              <div
                class="ant-card ant-card-bordered css-dev-only-do-not-override-14i19y2"
              >
                <div
                  class="ant-card-head"
                >
                  <div
                    class="ant-card-head-wrapper"
                  >
                    <div
                      class="ant-card-head-title"
                    >
                      CPU Usage
                    </div>
                  </div>
                </div>
                <div
                  class="ant-card-body"
                >
                  <div
                    aria-valuemax="100"
                    aria-valuemin="0"
                    aria-valuenow="75"
                    class="ant-progress ant-progress-status-normal ant-progress-circle ant-progress-show-info ant-progress-default css-dev-only-do-not-override-14i19y2"
                    role="progressbar"
                  >
                    <div
                      class="ant-progress-inner"
                      style="width: 120px; height: 120px; font-size: 24px;"
                    >
                      <svg
                        class="ant-progress-circle"
                        role="presentation"
                        viewBox="0 0 100 100"
                      >
                        <circle
                          class="ant-progress-circle-trail"
                          cx="50"
                          cy="50"
                          r="47"
                          stroke-linecap="round"
                          stroke-width="6"
                          style="stroke-dasharray: 295.3097094374406px 295.3097094374406; stroke-dashoffset: 0; transform: rotate(-90deg); transform-origin: 50px 50px; transition: stroke-dashoffset .3s ease 0s, stroke-dasharray .3s ease 0s, stroke .3s, stroke-width .06s ease .3s, opacity .3s ease 0s; fill-opacity: 0;"
                        />
                        <circle
                          class="ant-progress-circle-path"
                          cx="50"
                          cy="50"
                          opacity="1"
                          r="47"
                          stroke-linecap="round"
                          stroke-width="6"
                          style="stroke-dasharray: 295.3097094374406px 295.3097094374406; stroke-dashoffset: 76.82742735936014; transform: rotate(-90deg); transform-origin: 50px 50px; transition: stroke-dashoffset .3s ease 0s, stroke-dasharray .3s ease 0s, stroke .3s, stroke-width .06s ease .3s, opacity .3s ease 0s; fill-opacity: 0; transition-duration: 0s, 0s;"
                        />
                        <circle
                          class="ant-progress-circle-path"
                          cx="50"
                          cy="50"
                          opacity="0"
                          r="47"
                          stroke-linecap="round"
                          stroke-width="6"
                          style="stroke: #52C41A; stroke-dasharray: 295.3097094374406px 295.3097094374406; stroke-dashoffset: 295.2997094374406; transform: rotate(-90deg); transform-origin: 50px 50px; transition: stroke-dashoffset .3s ease 0s, stroke-dasharray .3s ease 0s, stroke .3s, stroke-width .06s ease .3s, opacity .3s ease 0s; fill-opacity: 0; transition-duration: 0s, 0s;"
                        />
                      </svg>
                      <span
                        class="ant-progress-text"
                        title="75%"
                      >
                        75%
                      </span>
                    </div>
                  </div>
                </div>
              </div>
            </div>
            <div
              class="ant-col ant-col-8 css-dev-only-do-not-override-14i19y2"
              style="padding-left: 12px; padding-right: 12px;"
            >
              <div
                class="ant-card ant-card-bordered css-dev-only-do-not-override-14i19y2"
              >
                <div
                  class="ant-card-head"
                >
                  <div
                    class="ant-card-head-wrapper"
                  >
                    <div
                      class="ant-card-head-title"
                    >
                      Disk Available - Total 1 GB
                    </div>
                  </div>
                </div>
                <div
                  class="ant-card-body"
                >
                  <div
                    aria-valuemax="100"
                    aria-valuemin="0"
                    aria-valuenow="512"
                    class="ant-progress ant-progress-status-success ant-progress-circle ant-progress-steps ant-progress-show-info ant-progress-default css-dev-only-do-not-override-14i19y2"
                    role="progressbar"
                  >
                    <div
                      class="ant-progress-inner"
                      style="width: 120px; height: 120px; font-size: 24px;"
                    >
                      <svg
                        class="ant-progress-circle"
                        role="presentation"
                        viewBox="0 0 100 100"
                      >
                        <circle
                          class="ant-progress-circle-path"
                          cx="50"
                          cy="50"
                          opacity="1"
                          r="47"
                          stroke-width="6"
                          style="stroke: #389e0d; stroke-dasharray: 295.3097094374406px 295.3097094374406; stroke-dashoffset: 238.24776754995247; transform: rotate(-90deg); transform-origin: 50px 50px; transition: stroke-dashoffset .3s ease 0s, stroke-dasharray .3s ease 0s, stroke .3s, stroke-width .06s ease .3s, opacity .3s ease 0s; fill-opacity: 0; transition-duration: 0s, 0s;"
                        />
                        <circle
                          class="ant-progress-circle-path"
                          cx="50"
                          cy="50"
                          opacity="1"
                          r="47"
                          stroke-width="6"
                          style="stroke: #389e0d; stroke-dasharray: 295.3097094374406px 295.3097094374406; stroke-dashoffset: 238.24776754995247; transform: rotate(-18.000000000000014deg); transform-origin: 50px 50px; transition: stroke-dashoffset .3s ease 0s, stroke-dasharray .3s ease 0s, stroke .3s, stroke-width .06s ease .3s, opacity .3s ease 0s; fill-opacity: 0; transition-duration: 0s, 0s;"
                        />
                        <circle
                          class="ant-progress-circle-path"
                          cx="50"
                          cy="50"
                          opacity="1"
                          r="47"
                          stroke-width="6"
                          style="stroke: #389e0d; stroke-dasharray: 295.3097094374406px 295.3097094374406; stroke-dashoffset: 238.24776754995247; transform: rotate(53.99999999999997deg); transform-origin: 50px 50px; transition: stroke-dashoffset .3s ease 0s, stroke-dasharray .3s ease 0s, stroke .3s, stroke-width .06s ease .3s, opacity .3s ease 0s; fill-opacity: 0; transition-duration: 0s, 0s;"
                        />
                        <circle
                          class="ant-progress-circle-path"
                          cx="50"
                          cy="50"
                          opacity="1"
                          r="47"
                          stroke-width="6"
                          style="stroke: #389e0d; stroke-dasharray: 295.3097094374406px 295.3097094374406; stroke-dashoffset: 238.24776754995247; transform: rotate(125.99999999999994deg); transform-origin: 50px 50px; transition: stroke-dashoffset .3s ease 0s, stroke-dasharray .3s ease 0s, stroke .3s, stroke-width .06s ease .3s, opacity .3s ease 0s; fill-opacity: 0; transition-duration: 0s, 0s;"
                        />
                        <circle
                          class="ant-progress-circle-path"
                          cx="50"
                          cy="50"
                          opacity="1"
                          r="47"
                          stroke-width="6"
                          style="stroke: #389e0d; stroke-dasharray: 295.3097094374406px 295.3097094374406; stroke-dashoffset: 238.24776754995247; transform: rotate(197.99999999999994deg); transform-origin: 50px 50px; transition: stroke-dashoffset .3s ease 0s, stroke-dasharray .3s ease 0s, stroke .3s, stroke-width .06s ease .3s, opacity .3s ease 0s; fill-opacity: 0; transition-duration: 0s, 0s;"
                        />
                      </svg>
                      <span
                        class="ant-progress-text"
                        title="100 MB"
                      >
                        100 MB
                      </span>
                    </div>
                  </div>
                </div>
              </div>
            </div>
            <div
              class="ant-col ant-col-8 css-dev-only-do-not-override-14i19y2"
              style="padding-left: 12px; padding-right: 12px;"
            >
              <div
                class="ant-card ant-card-bordered css-dev-only-do-not-override-14i19y2"
              >
                <div
                  class="ant-card-head"
                >
                  <div
                    class="ant-card-head-wrapper"
                  >
                    <div
                      class="ant-card-head-title"
                    >
                      Mem Used - Total 4 MB
                    </div>
                  </div>
                </div>
                <div
                  class="ant-card-body"
                >
                  <div
                    aria-valuemax="100"
                    aria-valuemin="0"
                    aria-valuenow="2"
                    class="ant-progress ant-progress-status-normal ant-progress-circle ant-progress-steps ant-progress-show-info ant-progress-default css-dev-only-do-not-override-14i19y2"
                    role="progressbar"
                  >
                    <div
                      class="ant-progress-inner"
                      style="width: 120px; height: 120px; font-size: 24px;"
                    >
                      <svg
                        class="ant-progress-circle"
                        role="presentation"
                        viewBox="0 0 100 100"
                      >
                        <circle
                          class="ant-progress-circle-path"
                          cx="50"
                          cy="50"
                          opacity="1"
                          r="47"
                          stroke-width="6"
                          style="stroke-dasharray: 295.3097094374406px 295.3097094374406; stroke-dashoffset: 238.24776754995247; transform: rotate(-90deg); transform-origin: 50px 50px; transition: stroke-dashoffset .3s ease 0s, stroke-dasharray .3s ease 0s, stroke .3s, stroke-width .06s ease .3s, opacity .3s ease 0s; fill-opacity: 0; transition-duration: 0s, 0s;"
                        />
                        <circle
                          class="ant-progress-circle-path"
                          cx="50"
                          cy="50"
                          opacity="1"
                          r="47"
                          stroke-width="6"
                          style="stroke-dasharray: 295.3097094374406px 295.3097094374406; stroke-dashoffset: 238.24776754995247; transform: rotate(-18.000000000000014deg); transform-origin: 50px 50px; transition: stroke-dashoffset .3s ease 0s, stroke-dasharray .3s ease 0s, stroke .3s, stroke-width .06s ease .3s, opacity .3s ease 0s; fill-opacity: 0; transition-duration: 0s, 0s;"
                        />
                        <circle
                          class="ant-progress-circle-path"
                          cx="50"
                          cy="50"
                          opacity="1"
                          r="47"
                          stroke-width="6"
                          style="stroke-dasharray: 295.3097094374406px 295.3097094374406; stroke-dashoffset: 238.24776754995247; transform: rotate(53.99999999999997deg); transform-origin: 50px 50px; transition: stroke-dashoffset .3s ease 0s, stroke-dasharray .3s ease 0s, stroke .3s, stroke-width .06s ease .3s, opacity .3s ease 0s; fill-opacity: 0; transition-duration: 0s, 0s;"
                        />
                        <circle
                          class="ant-progress-circle-path"
                          cx="50"
                          cy="50"
                          opacity="1"
                          r="47"
                          stroke-width="6"
                          style="stroke-dasharray: 295.3097094374406px 295.3097094374406; stroke-dashoffset: 238.24776754995247; transform: rotate(125.99999999999994deg); transform-origin: 50px 50px; transition: stroke-dashoffset .3s ease 0s, stroke-dasharray .3s ease 0s, stroke .3s, stroke-width .06s ease .3s, opacity .3s ease 0s; fill-opacity: 0; transition-duration: 0s, 0s;"
                        />
                        <circle
                          class="ant-progress-circle-path"
                          cx="50"
                          cy="50"
                          opacity="1"
                          r="47"
                          stroke-width="6"
                          style="stroke-dasharray: 295.3097094374406px 295.3097094374406; stroke-dashoffset: 238.24776754995247; transform: rotate(197.99999999999994deg); transform-origin: 50px 50px; transition: stroke-dashoffset .3s ease 0s, stroke-dasharray .3s ease 0s, stroke .3s, stroke-width .06s ease .3s, opacity .3s ease 0s; fill-opacity: 0; transition-duration: 0s, 0s;"
                        />
                      </svg>
                      <span
                        class="ant-progress-text"
                        title="2 MB"
                      >
                        2 MB
                      </span>
                    </div>
                  </div>
                </div>
              </div>
            </div>
          </div>
          <div
            class="ant-divider css-dev-only-do-not-override-14i19y2 ant-divider-horizontal"
            role="separator"
          />
          <h4
            class="ant-typography css-dev-only-do-not-override-14i19y2"
          >
            Network Usage
          </h4>
          <div
            class="ant-row css-dev-only-do-not-override-14i19y2"
            style="margin-left: -12px; margin-right: -12px;"
          >
            <div
              class="ant-col ant-col-12 css-dev-only-do-not-override-14i19y2"
              style="padding-left: 12px; padding-right: 12px;"
            >
              <div
                class="ant-card ant-card-bordered css-dev-only-do-not-override-14i19y2"
              >
                <div
                  class="ant-card-head"
                >
                  <div
                    class="ant-card-head-wrapper"
                  >
                    <div
                      class="ant-card-head-title"
                    >
                      Interface: undefined
                    </div>
                  </div>
                </div>
                <div
                  class="ant-card-body"
                >
                  <div
                    class="ant-statistic css-dev-only-do-not-override-14i19y2"
                  >
                    <div
                      class="ant-statistic-title"
                    >
                      Download
                    </div>
                    <div
                      class="ant-statistic-content"
                      style="color: rgb(63, 134, 0);"
                    >
                      <span
                        class="ant-statistic-content-prefix"
                      >
                        <span
                          aria-label="arrow-up"
                          class="anticon anticon-arrow-up"
                          role="img"
                        >
                          <svg
                            aria-hidden="true"
                            data-icon="arrow-up"
                            fill="currentColor"
                            focusable="false"
                            height="1em"
                            viewBox="64 64 896 896"
                            width="1em"
                          >
                            <path
                              d="M868 545.5L536.1 163a31.96 31.96 0 00-48.3 0L156 545.5a7.97 7.97 0 006 13.2h81c4.6 0 9-2 12.1-5.5L474 300.9V864c0 4.4 3.6 8 8 8h60c4.4 0 8-3.6 8-8V300.9l218.9 252.3c3 3.5 7.4 5.5 12.1 5.5h81c6.8 0 10.5-8 6-13.2z"
                            />
                          </svg>
                        </span>
                      </span>
                      <span
                        class="ant-statistic-content-value"
                      >
                        <span
                          class="ant-statistic-content-value-int"
                        >
                          0
                        </span>
                        <span
                          class="ant-statistic-content-value-decimal"
                        >
                          .00
                        </span>
                      </span>
                      <span
                        class="ant-statistic-content-suffix"
                      >
                        bps
                      </span>
                    </div>
                  </div>
                </div>
              </div>
            </div>
            <div
              class="ant-col ant-col-12 css-dev-only-do-not-override-14i19y2"
              style="padding-left: 12px; padding-right: 12px;"
            >
              <div
                class="ant-card ant-card-bordered css-dev-only-do-not-override-14i19y2"
              >
                <div
                  class="ant-card-head"
                >
                  <div
                    class="ant-card-head-wrapper"
                  >
                    <div
                      class="ant-card-head-title"
                    >
                      Interface: undefined
                    </div>
                  </div>
                </div>
                <div
                  class="ant-card-body"
                >
                  <div
                    class="ant-statistic css-dev-only-do-not-override-14i19y2"
                  >
                    <div
                      class="ant-statistic-title"
                    >
                      Upload
                    </div>
                    <div
                      class="ant-statistic-content"
                      style="color: rgb(19, 79, 207);"
                    >
                      <span
                        class="ant-statistic-content-prefix"
                      >
                        <span
                          aria-label="arrow-down"
                          class="anticon anticon-arrow-down"
                          role="img"
                        >
                          <svg
                            aria-hidden="true"
                            data-icon="arrow-down"
                            fill="currentColor"
                            focusable="false"
                            height="1em"
                            viewBox="64 64 896 896"
                            width="1em"
                          >
                            <path
                              d="M862 465.3h-81c-4.6 0-9 2-12.1 5.5L550 723.1V160c0-4.4-3.6-8-8-8h-60c-4.4 0-8 3.6-8 8v563.1L255.1 470.8c-3-3.5-7.4-5.5-12.1-5.5h-81c-6.8 0-10.5 8.1-6 13.2L487.9 861a31.96 31.96 0 0048.3 0L868 478.5c4.5-5.2.8-13.2-6-13.2z"
                            />
                          </svg>
                        </span>
                      </span>
                      <span
                        class="ant-statistic-content-value"
                      >
                        <span
                          class="ant-statistic-content-value-int"
                        >
                          0
                        </span>
                        <span
                          class="ant-statistic-content-value-decimal"
                        >
                          .00
                        </span>
                      </span>
                      <span
                        class="ant-statistic-content-suffix"
                      >
                        bps
                      </span>
                    </div>
                  </div>
                </div>
              </div>
            </div>
          </div>
          <div
            class="ant-divider css-dev-only-do-not-override-14i19y2 ant-divider-horizontal"
            role="separator"
          />
          <h4
            class="ant-typography css-dev-only-do-not-override-14i19y2"
          >
            Temperatures
          </h4>
          <div
            class="ant-row css-dev-only-do-not-override-14i19y2"
            style="margin-left: -12px; margin-right: -12px;"
          >
            <div
              class="ant-col ant-col-12 css-dev-only-do-not-override-14i19y2"
              style="padding-left: 12px; padding-right: 12px;"
            >
              <div
                class="ant-card ant-card-bordered css-dev-only-do-not-override-14i19y2"
              >
                <div
                  class="ant-card-head"
                >
                  <div
                    class="ant-card-head-wrapper"
                  >
                    <div
                      class="ant-card-head-title"
                    >
                      CPU
                    </div>
                  </div>
                </div>
                <div
                  class="ant-card-body"
                >
                  <div
                    aria-valuemax="100"
                    aria-valuemin="0"
                    aria-valuenow="70"
                    class="ant-progress ant-progress-status-active ant-progress-line ant-progress-line-align-end ant-progress-line-position-outer ant-progress-show-info ant-progress-default css-dev-only-do-not-override-14i19y2"
                    role="progressbar"
                  >
                    <div
                      class="ant-progress-outer"
                      style="width: 100%;"
                    >
                      <div
                        class="ant-progress-inner"
                      >
                        <div
                          class="ant-progress-bg ant-progress-bg-outer"
                          style="width: 70%; height: 8px; --progress-line-stroke-color: #f5222d; background: rgb(245, 34, 45); --progress-percent: 0.7;"
                        />
                      </div>
                      <span
                        class="ant-progress-text ant-progress-text-end ant-progress-text-outer"
                        title="70ºC"
                      >
                        70ºC
                      </span>
                    </div>
                  </div>
                </div>
              </div>
            </div>
          </div>
        </div>
      </div>
    </div>
  </body>,
  "container": <div>
    <div
      class="ant-card ant-card-bordered css-dev-only-do-not-override-14i19y2"
    >
      <div
        class="ant-card-head"
      >
        <div
          class="ant-card-head-wrapper"
        >
          <div
            class="ant-card-head-title"
          >
            Server Monitoring
          </div>
        </div>
      </div>
      <div
        class="ant-card-body"
      >
        <h4
          class="ant-typography css-dev-only-do-not-override-14i19y2"
        >
          Hardware Usages
        </h4>
        <div
          class="ant-row css-dev-only-do-not-override-14i19y2"
          style="margin-left: -12px; margin-right: -12px;"
        >
          <div
            class="ant-col ant-col-8 css-dev-only-do-not-override-14i19y2"
            style="padding-left: 12px; padding-right: 12px;"
          >
            <div
              class="ant-card ant-card-bordered css-dev-only-do-not-override-14i19y2"
            >
              <div
                class="ant-card-head"
              >
                <div
                  class="ant-card-head-wrapper"
                >
                  <div
                    class="ant-card-head-title"
                  >
                    CPU Usage
                  </div>
                </div>
              </div>
              <div
                class="ant-card-body"
              >
                <div
                  aria-valuemax="100"
                  aria-valuemin="0"
                  aria-valuenow="75"
                  class="ant-progress ant-progress-status-normal ant-progress-circle ant-progress-show-info ant-progress-default css-dev-only-do-not-override-14i19y2"
                  role="progressbar"
                >
                  <div
                    class="ant-progress-inner"
                    style="width: 120px; height: 120px; font-size: 24px;"
                  >
                    <svg
                      class="ant-progress-circle"
                      role="presentation"
                      viewBox="0 0 100 100"
                    >
                      <circle
                        class="ant-progress-circle-trail"
                        cx="50"
                        cy="50"
                        r="47"
                        stroke-linecap="round"
                        stroke-width="6"
                        style="stroke-dasharray: 295.3097094374406px 295.3097094374406; stroke-dashoffset: 0; transform: rotate(-90deg); transform-origin: 50px 50px; transition: stroke-dashoffset .3s ease 0s, stroke-dasharray .3s ease 0s, stroke .3s, stroke-width .06s ease .3s, opacity .3s ease 0s; fill-opacity: 0;"
                      />
                      <circle
                        class="ant-progress-circle-path"
                        cx="50"
                        cy="50"
                        opacity="1"
                        r="47"
                        stroke-linecap="round"
                        stroke-width="6"
                        style="stroke-dasharray: 295.3097094374406px 295.3097094374406; stroke-dashoffset: 76.82742735936014; transform: rotate(-90deg); transform-origin: 50px 50px; transition: stroke-dashoffset .3s ease 0s, stroke-dasharray .3s ease 0s, stroke .3s, stroke-width .06s ease .3s, opacity .3s ease 0s; fill-opacity: 0; transition-duration: 0s, 0s;"
                      />
                      <circle
                        class="ant-progress-circle-path"
                        cx="50"
                        cy="50"
                        opacity="0"
                        r="47"
                        stroke-linecap="round"
                        stroke-width="6"
                        style="stroke: #52C41A; stroke-dasharray: 295.3097094374406px 295.3097094374406; stroke-dashoffset: 295.2997094374406; transform: rotate(-90deg); transform-origin: 50px 50px; transition: stroke-dashoffset .3s ease 0s, stroke-dasharray .3s ease 0s, stroke .3s, stroke-width .06s ease .3s, opacity .3s ease 0s; fill-opacity: 0; transition-duration: 0s, 0s;"
                      />
                    </svg>
                    <span
                      class="ant-progress-text"
                      title="75%"
                    >
                      75%
                    </span>
                  </div>
                </div>
              </div>
            </div>
          </div>
          <div
            class="ant-col ant-col-8 css-dev-only-do-not-override-14i19y2"
            style="padding-left: 12px; padding-right: 12px;"
          >
            <div
              class="ant-card ant-card-bordered css-dev-only-do-not-override-14i19y2"
            >
              <div
                class="ant-card-head"
              >
                <div
                  class="ant-card-head-wrapper"
                >
                  <div
                    class="ant-card-head-title"
                  >
                    Disk Available - Total 1 GB
                  </div>
                </div>
              </div>
              <div
                class="ant-card-body"
              >
                <div
                  aria-valuemax="100"
                  aria-valuemin="0"
                  aria-valuenow="512"
                  class="ant-progress ant-progress-status-success ant-progress-circle ant-progress-steps ant-progress-show-info ant-progress-default css-dev-only-do-not-override-14i19y2"
                  role="progressbar"
                >
                  <div
                    class="ant-progress-inner"
                    style="width: 120px; height: 120px; font-size: 24px;"
                  >
                    <svg
                      class="ant-progress-circle"
                      role="presentation"
                      viewBox="0 0 100 100"
                    >
                      <circle
                        class="ant-progress-circle-path"
                        cx="50"
                        cy="50"
                        opacity="1"
                        r="47"
                        stroke-width="6"
                        style="stroke: #389e0d; stroke-dasharray: 295.3097094374406px 295.3097094374406; stroke-dashoffset: 238.24776754995247; transform: rotate(-90deg); transform-origin: 50px 50px; transition: stroke-dashoffset .3s ease 0s, stroke-dasharray .3s ease 0s, stroke .3s, stroke-width .06s ease .3s, opacity .3s ease 0s; fill-opacity: 0; transition-duration: 0s, 0s;"
                      />
                      <circle
                        class="ant-progress-circle-path"
                        cx="50"
                        cy="50"
                        opacity="1"
                        r="47"
                        stroke-width="6"
                        style="stroke: #389e0d; stroke-dasharray: 295.3097094374406px 295.3097094374406; stroke-dashoffset: 238.24776754995247; transform: rotate(-18.000000000000014deg); transform-origin: 50px 50px; transition: stroke-dashoffset .3s ease 0s, stroke-dasharray .3s ease 0s, stroke .3s, stroke-width .06s ease .3s, opacity .3s ease 0s; fill-opacity: 0; transition-duration: 0s, 0s;"
                      />
                      <circle
                        class="ant-progress-circle-path"
                        cx="50"
                        cy="50"
                        opacity="1"
                        r="47"
                        stroke-width="6"
                        style="stroke: #389e0d; stroke-dasharray: 295.3097094374406px 295.3097094374406; stroke-dashoffset: 238.24776754995247; transform: rotate(53.99999999999997deg); transform-origin: 50px 50px; transition: stroke-dashoffset .3s ease 0s, stroke-dasharray .3s ease 0s, stroke .3s, stroke-width .06s ease .3s, opacity .3s ease 0s; fill-opacity: 0; transition-duration: 0s, 0s;"
                      />
                      <circle
                        class="ant-progress-circle-path"
                        cx="50"
                        cy="50"
                        opacity="1"
                        r="47"
                        stroke-width="6"
                        style="stroke: #389e0d; stroke-dasharray: 295.3097094374406px 295.3097094374406; stroke-dashoffset: 238.24776754995247; transform: rotate(125.99999999999994deg); transform-origin: 50px 50px; transition: stroke-dashoffset .3s ease 0s, stroke-dasharray .3s ease 0s, stroke .3s, stroke-width .06s ease .3s, opacity .3s ease 0s; fill-opacity: 0; transition-duration: 0s, 0s;"
                      />
                      <circle
                        class="ant-progress-circle-path"
                        cx="50"
                        cy="50"
                        opacity="1"
                        r="47"
                        stroke-width="6"
                        style="stroke: #389e0d; stroke-dasharray: 295.3097094374406px 295.3097094374406; stroke-dashoffset: 238.24776754995247; transform: rotate(197.99999999999994deg); transform-origin: 50px 50px; transition: stroke-dashoffset .3s ease 0s, stroke-dasharray .3s ease 0s, stroke .3s, stroke-width .06s ease .3s, opacity .3s ease 0s; fill-opacity: 0; transition-duration: 0s, 0s;"
                      />
                    </svg>
                    <span
                      class="ant-progress-text"
                      title="100 MB"
                    >
                      100 MB
                    </span>
                  </div>
                </div>
              </div>
            </div>
          </div>
          <div
            class="ant-col ant-col-8 css-dev-only-do-not-override-14i19y2"
            style="padding-left: 12px; padding-right: 12px;"
          >
            <div
              class="ant-card ant-card-bordered css-dev-only-do-not-override-14i19y2"
            >
              <div
                class="ant-card-head"
              >
                <div
                  class="ant-card-head-wrapper"
                >
                  <div
                    class="ant-card-head-title"
                  >
                    Mem Used - Total 4 MB
                  </div>
                </div>
              </div>
              <div
                class="ant-card-body"
              >
                <div
                  aria-valuemax="100"
                  aria-valuemin="0"
                  aria-valuenow="2"
                  class="ant-progress ant-progress-status-normal ant-progress-circle ant-progress-steps ant-progress-show-info ant-progress-default css-dev-only-do-not-override-14i19y2"
                  role="progressbar"
                >
                  <div
                    class="ant-progress-inner"
                    style="width: 120px; height: 120px; font-size: 24px;"
                  >
                    <svg
                      class="ant-progress-circle"
                      role="presentation"
                      viewBox="0 0 100 100"
                    >
                      <circle
                        class="ant-progress-circle-path"
                        cx="50"
                        cy="50"
                        opacity="1"
                        r="47"
                        stroke-width="6"
                        style="stroke-dasharray: 295.3097094374406px 295.3097094374406; stroke-dashoffset: 238.24776754995247; transform: rotate(-90deg); transform-origin: 50px 50px; transition: stroke-dashoffset .3s ease 0s, stroke-dasharray .3s ease 0s, stroke .3s, stroke-width .06s ease .3s, opacity .3s ease 0s; fill-opacity: 0; transition-duration: 0s, 0s;"
                      />
                      <circle
                        class="ant-progress-circle-path"
                        cx="50"
                        cy="50"
                        opacity="1"
                        r="47"
                        stroke-width="6"
                        style="stroke-dasharray: 295.3097094374406px 295.3097094374406; stroke-dashoffset: 238.24776754995247; transform: rotate(-18.000000000000014deg); transform-origin: 50px 50px; transition: stroke-dashoffset .3s ease 0s, stroke-dasharray .3s ease 0s, stroke .3s, stroke-width .06s ease .3s, opacity .3s ease 0s; fill-opacity: 0; transition-duration: 0s, 0s;"
                      />
                      <circle
                        class="ant-progress-circle-path"
                        cx="50"
                        cy="50"
                        opacity="1"
                        r="47"
                        stroke-width="6"
                        style="stroke-dasharray: 295.3097094374406px 295.3097094374406; stroke-dashoffset: 238.24776754995247; transform: rotate(53.99999999999997deg); transform-origin: 50px 50px; transition: stroke-dashoffset .3s ease 0s, stroke-dasharray .3s ease 0s, stroke .3s, stroke-width .06s ease .3s, opacity .3s ease 0s; fill-opacity: 0; transition-duration: 0s, 0s;"
                      />
                      <circle
                        class="ant-progress-circle-path"
                        cx="50"
                        cy="50"
                        opacity="1"
                        r="47"
                        stroke-width="6"
                        style="stroke-dasharray: 295.3097094374406px 295.3097094374406; stroke-dashoffset: 238.24776754995247; transform: rotate(125.99999999999994deg); transform-origin: 50px 50px; transition: stroke-dashoffset .3s ease 0s, stroke-dasharray .3s ease 0s, stroke .3s, stroke-width .06s ease .3s, opacity .3s ease 0s; fill-opacity: 0; transition-duration: 0s, 0s;"
                      />
                      <circle
                        class="ant-progress-circle-path"
                        cx="50"
                        cy="50"
                        opacity="1"
                        r="47"
                        stroke-width="6"
                        style="stroke-dasharray: 295.3097094374406px 295.3097094374406; stroke-dashoffset: 238.24776754995247; transform: rotate(197.99999999999994deg); transform-origin: 50px 50px; transition: stroke-dashoffset .3s ease 0s, stroke-dasharray .3s ease 0s, stroke .3s, stroke-width .06s ease .3s, opacity .3s ease 0s; fill-opacity: 0; transition-duration: 0s, 0s;"
                      />
                    </svg>
                    <span
                      class="ant-progress-text"
                      title="2 MB"
                    >
                      2 MB
                    </span>
                  </div>
                </div>
              </div>
            </div>
          </div>
        </div>
        <div
          class="ant-divider css-dev-only-do-not-override-14i19y2 ant-divider-horizontal"
          role="separator"
        />
        <h4
          class="ant-typography css-dev-only-do-not-override-14i19y2"
        >
          Network Usage
        </h4>
        <div
          class="ant-row css-dev-only-do-not-override-14i19y2"
          style="margin-left: -12px; margin-right: -12px;"
        >
          <div
            class="ant-col ant-col-12 css-dev-only-do-not-override-14i19y2"
            style="padding-left: 12px; padding-right: 12px;"
          >
            <div
              class="ant-card ant-card-bordered css-dev-only-do-not-override-14i19y2"
            >
              <div
                class="ant-card-head"
              >
                <div
                  class="ant-card-head-wrapper"
                >
                  <div
                    class="ant-card-head-title"
                  >
                    Interface: undefined
                  </div>
                </div>
              </div>
              <div
                class="ant-card-body"
              >
                <div
                  class="ant-statistic css-dev-only-do-not-override-14i19y2"
                >
                  <div
                    class="ant-statistic-title"
                  >
                    Download
                  </div>
                  <div
                    class="ant-statistic-content"
                    style="color: rgb(63, 134, 0);"
                  >
                    <span
                      class="ant-statistic-content-prefix"
                    >
                      <span
                        aria-label="arrow-up"
                        class="anticon anticon-arrow-up"
                        role="img"
                      >
                        <svg
                          aria-hidden="true"
                          data-icon="arrow-up"
                          fill="currentColor"
                          focusable="false"
                          height="1em"
                          viewBox="64 64 896 896"
                          width="1em"
                        >
                          <path
                            d="M868 545.5L536.1 163a31.96 31.96 0 00-48.3 0L156 545.5a7.97 7.97 0 006 13.2h81c4.6 0 9-2 12.1-5.5L474 300.9V864c0 4.4 3.6 8 8 8h60c4.4 0 8-3.6 8-8V300.9l218.9 252.3c3 3.5 7.4 5.5 12.1 5.5h81c6.8 0 10.5-8 6-13.2z"
                          />
                        </svg>
                      </span>
                    </span>
                    <span
                      class="ant-statistic-content-value"
                    >
                      <span
                        class="ant-statistic-content-value-int"
                      >
                        0
                      </span>
                      <span
                        class="ant-statistic-content-value-decimal"
                      >
                        .00
                      </span>
                    </span>
                    <span
                      class="ant-statistic-content-suffix"
                    >
                      bps
                    </span>
                  </div>
                </div>
              </div>
            </div>
          </div>
          <div
            class="ant-col ant-col-12 css-dev-only-do-not-override-14i19y2"
            style="padding-left: 12px; padding-right: 12px;"
          >
            <div
              class="ant-card ant-card-bordered css-dev-only-do-not-override-14i19y2"
            >
              <div
                class="ant-card-head"
              >
                <div
                  class="ant-card-head-wrapper"
                >
                  <div
                    class="ant-card-head-title"
                  >
                    Interface: undefined
                  </div>
                </div>
              </div>
              <div
                class="ant-card-body"
              >
                <div
                  class="ant-statistic css-dev-only-do-not-override-14i19y2"
                >
                  <div
                    class="ant-statistic-title"
                  >
                    Upload
                  </div>
                  <div
                    class="ant-statistic-content"
                    style="color: rgb(19, 79, 207);"
                  >
                    <span
                      class="ant-statistic-content-prefix"
                    >
                      <span
                        aria-label="arrow-down"
                        class="anticon anticon-arrow-down"
                        role="img"
                      >
                        <svg
                          aria-hidden="true"
                          data-icon="arrow-down"
                          fill="currentColor"
                          focusable="false"
                          height="1em"
                          viewBox="64 64 896 896"
                          width="1em"
                        >
                          <path
                            d="M862 465.3h-81c-4.6 0-9 2-12.1 5.5L550 723.1V160c0-4.4-3.6-8-8-8h-60c-4.4 0-8 3.6-8 8v563.1L255.1 470.8c-3-3.5-7.4-5.5-12.1-5.5h-81c-6.8 0-10.5 8.1-6 13.2L487.9 861a31.96 31.96 0 0048.3 0L868 478.5c4.5-5.2.8-13.2-6-13.2z"
                          />
                        </svg>
                      </span>
                    </span>
                    <span
                      class="ant-statistic-content-value"
                    >
                      <span
                        class="ant-statistic-content-value-int"
                      >
                        0
                      </span>
                      <span
                        class="ant-statistic-content-value-decimal"
                      >
                        .00
                      </span>
                    </span>
                    <span
                      class="ant-statistic-content-suffix"
                    >
                      bps
                    </span>
                  </div>
                </div>
              </div>
            </div>
          </div>
        </div>
        <div
          class="ant-divider css-dev-only-do-not-override-14i19y2 ant-divider-horizontal"
          role="separator"
        />
        <h4
          class="ant-typography css-dev-only-do-not-override-14i19y2"
        >
          Temperatures
        </h4>
        <div
          class="ant-row css-dev-only-do-not-override-14i19y2"
          style="margin-left: -12px; margin-right: -12px;"
        >
          <div
            class="ant-col ant-col-12 css-dev-only-do-not-override-14i19y2"
            style="padding-left: 12px; padding-right: 12px;"
          >
            <div
              class="ant-card ant-card-bordered css-dev-only-do-not-override-14i19y2"
            >
              <div
                class="ant-card-head"
              >
                <div
                  class="ant-card-head-wrapper"
                >
                  <div
                    class="ant-card-head-title"
                  >
                    CPU
                  </div>
                </div>
              </div>
              <div
                class="ant-card-body"
              >
                <div
                  aria-valuemax="100"
                  aria-valuemin="0"
                  aria-valuenow="70"
                  class="ant-progress ant-progress-status-active ant-progress-line ant-progress-line-align-end ant-progress-line-position-outer ant-progress-show-info ant-progress-default css-dev-only-do-not-override-14i19y2"
                  role="progressbar"
                >
                  <div
                    class="ant-progress-outer"
                    style="width: 100%;"
                  >
                    <div
                      class="ant-progress-inner"
                    >
                      <div
                        class="ant-progress-bg ant-progress-bg-outer"
                        style="width: 70%; height: 8px; --progress-line-stroke-color: #f5222d; background: rgb(245, 34, 45); --progress-percent: 0.7;"
                      />
                    </div>
                    <span
                      class="ant-progress-text ant-progress-text-end ant-progress-text-outer"
                      title="70ºC"
                    >
                      70ºC
                    </span>
                  </div>
                </div>
              </div>
            </div>
          </div>
        </div>
      </div>
    </div>
  </div>,
  "debug": [Function],
  "findAllByAltText": [Function],
  "findAllByDisplayValue": [Function],
  "findAllByLabelText": [Function],
  "findAllByPlaceholderText": [Function],
  "findAllByRole": [Function],
  "findAllByTestId": [Function],
  "findAllByText": [Function],
  "findAllByTitle": [Function],
  "findByAltText": [Function],
  "findByDisplayValue": [Function],
  "findByLabelText": [Function],
  "findByPlaceholderText": [Function],
  "findByRole": [Function],
  "findByTestId": [Function],
  "findByText": [Function],
  "findByTitle": [Function],
  "getAllByAltText": [Function],
  "getAllByDisplayValue": [Function],
  "getAllByLabelText": [Function],
  "getAllByPlaceholderText": [Function],
  "getAllByRole": [Function],
  "getAllByTestId": [Function],
  "getAllByText": [Function],
  "getAllByTitle": [Function],
  "getByAltText": [Function],
  "getByDisplayValue": [Function],
  "getByLabelText": [Function],
  "getByPlaceholderText": [Function],
  "getByRole": [Function],
  "getByTestId": [Function],
  "getByText": [Function],
  "getByTitle": [Function],
  "queryAllByAltText": [Function],
  "queryAllByDisplayValue": [Function],
  "queryAllByLabelText": [Function],
  "queryAllByPlaceholderText": [Function],
  "queryAllByRole": [Function],
  "queryAllByTestId": [Function],
  "queryAllByText": [Function],
  "queryAllByTitle": [Function],
  "queryByAltText": [Function],
  "queryByDisplayValue": [Function],
  "queryByLabelText": [Function],
  "queryByPlaceholderText": [Function],
  "queryByRole": [Function],
  "queryByTestId": [Function],
  "queryByText": [Function],
  "queryByTitle": [Function],
  "rerender": [Function],
  "unmount": [Function],
}
`;
